app/(app)/hr/leaves/index.tsx(30,38): error TS2554: Expected 0 arguments, but got 1.
src/features/hr/utils/payrollExport.ts(58,56): error TS2339: Property 'subsidy_meal' does not exist on type 'Payroll'.
src/features/hr/utils/payrollExport.ts(63,56): error TS2339: Property 'subsidy_transport' does not exist on type 'Payroll'.
src/features/hr/utils/payrollExport.ts(69,72): error TS2339: Property 'deduction_inss' does not exist on type 'Payroll'.
src/features/hr/utils/payrollExport.ts(74,72): error TS2339: Property 'deduction_irps' does not exist on type 'Payroll'.
src/repositories/employeesRepository.ts(42,36): error TS2339: Property 'bank_details' does not exist on type 'Omit<Employee, "synced" | "id" | "created_at" | "updated_at" | "position" | "department">'.
